// Jest Snapshot v1, https://goo.gl/fbAQLP

exports[`Pruebas TodoListItem debe de mostrarse correctamente 1`] = `
<li
  className="list-group-item"
  key="1"
>
  <p
    className="undefined"
    onClick={[Function]}
  >
    1
    . 
    Aprender React
  </p>
  <button
    className="btn btn-danger"
    onClick={[Function]}
  >
    Borrar
  </button>
</li>
`;
