// Jest Snapshot v1, https://goo.gl/fbAQLP

exports[`Pruebas HomeScreen debe mostrarse correctamente 1`] = `
<div>
  <h3>
    HomeScreen
  </h3>
  <hr />
  <pre>
    {
    "name": "Daniela",
    "email": "daniela@gmail.com"
}
  </pre>
</div>
`;
