// Jest Snapshot v1, https://goo.gl/fbAQLP

exports[`Pruebas en LoginScreen debe mostrarse correctamente 1`] = `
<div>
  <h3>
    LoginScreen
  </h3>
  <hr />
  <button
    className="btn btn-primary"
    onClick={[Function]}
  >
    Login
  </button>
</div>
`;
